[dotenv@17.3.1] injecting env (7) from backend\.env
[dotenv@17.3.1] injecting env (0) from .env
[DB] Initializing in development mode...

  Distribution API Integration Tests
    Post and GET deliveries with discount/offer details
[REST] POST /api/deliveries/1
[REST] GET /api/deliveries/1/100
[REST] PATCH /api/deliveries/1/100/status
[REST] PATCH /api/deliveries/1/100/status
      √ creates a new delivery order with discount and offer and moves it through status transitions (468ms)

  Payroll API Integration Tests
    GET /api/payroll/1/reports/register
[REST] GET /api/payroll/1/reports/register
      √ returns the history register of payroll runs (39ms)
    GET /api/employees/1
[REST] GET /api/employees/1
      √ returns standard base HR employee directory rows
    POST /api/payroll/1/formula/validate
[REST] POST /api/payroll/1/formula/validate
      √ validates a correct formula expression successfully
[REST] POST /api/payroll/1/formula/validate
      √ rejects an invalid formula containing syntax errors

  5 passing (693ms)
