[dotenv@17.3.1] injecting env (7) from backend\.env
[dotenv@17.3.1] injecting env (0) from .env
[DB] Initializing in development mode...
=========================================================
🧪 RUNNING IAS 2 INVENTORY COSTING POLICY COMPLIANCE SUITE [POSTGRESQL]...
=========================================================

🛑 1. Testing IFRS Statutory Company selecting LIFO (Hard Block)...
  Observed Code: LIFO_NOT_ALLOWED_UNDER_IFRS | Message: LIFO cannot be used for statutory reporting under IFRS IAS 2. Select FIFO or Weighted Average Cost.
  ✅ Hard Restriction Verified 100%: IFRS + LIFO blocked with code LIFO_NOT_ALLOWED_UNDER_IFRS!

✅ 2. Testing IFRS Statutory Company using FIFO...
  ✅ IFRS + FIFO Verified 100%: Allowed cleanly.

✅ 3. Testing IFRS Statutory Company using WAC / AVERAGE...
  ✅ IFRS + WAC Verified 100%: Allowed cleanly.

🇺🇸 4. Testing US GAAP Company using LIFO...
  ✅ US GAAP + LIFO Verified 100%: Allowed under LIFO conformity rule.

🏢 5. Testing Internal Management Mode using LIFO...
  Notice: LIFO enabled for Internal Management Costing non-statutory use.
  ✅ Internal Management + LIFO Verified 100%: Allowed with non-statutory notice!

🔒 6. Testing Tenant Costing Policy Isolation (Company A vs Company B)...
  Company A Method: LIFO | Company B Method: FIFO
  ✅ Tenant Policy Isolation Verified 100%: Company A policy does not affect Company B!

🚫 7. Testing Invalid Costing Method Rejection...
  Observed Code: INVALID_COSTING_METHOD | Message: Invalid inventory costing method 'RANDOM_METHOD'. Must be FIFO, LIFO, or AVERAGE/WAC.
  ✅ Invalid Method Rejection Verified 100% (HTTP 400 INVALID_COSTING_METHOD)!

📜 8. Testing Audit Trail Logging & Unsafe Policy Change Block after Posted Transactions...
  Observed Code: POSTED_TRANSACTIONS_EXIST | Message: Unsafe costing policy change blocked: Company has active posted inventory consumption layers. Policy change requires controlled inventory revaluation.
  ✅ Unsafe Policy Change Guard Verified 100%: Change blocked due to active posted inventory layers!

=========================================================
🎉 IAS 2 INVENTORY COSTING POLICY COMPLIANCE SUITE PASSED 100% (8/8)!
=========================================================
