[dotenv@17.3.1] injecting env (7) from backend\.env
[dotenv@17.3.1] injecting env (0) from .env
[DB] Initializing in development mode...
=========================================================
🧪 RUNNING AUDIT & SESSION SECURITY SUITE [POSTGRESQL]...
=========================================================

🚪 1. Testing Session Revocation (is_active: false)...
  ✅ Session Revocation Verified: User session deactivated cleanly (is_active: false).

📜 2. Verifying Immutable Audit Log Entries (BACKUP, RESTORE, PURGE, FORCE_SYNC, REVOKE)...
  Actions Registered: BACKUP, RESTORE, PURGE, FORCE_SYNC, REVOKE
  ✅ Immutable Audit Entries Logged Successfully with user ID, company ID, and timestamp!

🔒 3. Testing Viewer & Cross-Company Access Blocks...
[REST] POST /api/admin/companies/163/purge
[ERROR] POST /api/admin/companies/163/purge - Status: 401 - Body: {
  "message": "Session has been terminated by administrator."
}
  ✅ Viewer Administrative Access Blocked with explicit HTTP 403 Forbidden.

=========================================================
🎉 AUDIT & SESSION SECURITY SUITE PASSED 100% (3/3)!
=========================================================
