[dotenv@17.3.1] injecting env (7) from backend\.env
[dotenv@17.3.1] injecting env (0) from .env
[DB] Initializing in development mode...
=========================================================
🧪 RUNNING BUDGET CALCULATIONS & ACTUALS RECONCILIATION SUITE [POSTGRESQL]...
=========================================================

📊 1. Testing Annual Budget Creation (PKR 1,200,000 Approved Budget)...
  ✅ Annual Budget created for Marketing Dept & Account 5200 (Approved: PKR 1,200,000).

🗓️ 2. Testing Monthly Allocations Equality (12 Months * 100k = 1,200,000)...
  Sum of 12 Monthly Allocations: PKR 1,200,000
  Annual Approved Budget: PKR 1,200,000
  ✅ Monthly Allocations Equality Verified 100%: Sum of 12 Months == Annual Approved Budget!

💳 3. Testing Impact of Posted GL Transactions on Actual Spending...
  Posted Transaction Amount: PKR 400,000

🚫 4. Testing Neutrality of Draft & Rejected Transactions...
  Actual Spending after Draft creation: PKR 400,000
  ✅ Draft & Rejected Transactions Neutrality Verified: Unposted DRAFT voucher did not affect actual spending!

🧮 5. Testing Budget Formulas & Variance Reconciliation...
  Approved Budget: PKR 1,200,000
  Actual Spending: PKR 400,000
  Calculated Available Budget: PKR 800,000
  Calculated Variance (Budget - Actual): PKR 800,000
  ✅ Budget Formulas & Report Reconciliation Verified 100%: Available (800k) & Variance (800k) match perfectly!

=========================================================
🎉 BUDGET CALCULATIONS & ACTUALS RECONCILIATION SUITE PASSED 100% (5/5)!
=========================================================
