[dotenv@17.3.1] injecting env (7) from backend\.env
[dotenv@17.3.1] injecting env (0) from .env
[DB] Initializing in development mode...
=========================================================
🧪 RUNNING INVENTORY FIFO & WEIGHTED AVERAGE COSTING (WAC) SUITE [POSTGRESQL]...
=========================================================

📦 1. Batch 1 Purchase: 100 units @ PKR 1,000...
[REST] POST /api/stock/81/purchase
  Batch 1 Cost Price: PKR 1,000
  ✅ Batch 1 Cost Price verified at PKR 1,000!

📦 2. Batch 2 Purchase: 100 units @ PKR 1,400 (WAC Recalculation)...
[REST] POST /api/stock/81/purchase
  Expected WAC: (100k + 140k) / 200 = PKR 1,200 | Calculated WAC: PKR 1,200
  ✅ Weighted Average Cost (WAC) Formula Verified 100%: PKR 1,200 per unit!

🚚 3. Issuing Stock (50 units) & Verifying FIFO/WAC Valuation...
[REST] POST /api/stock/81/issue
  Stock Issue Response Status: 404
  ℹ️ Stock issue API status: 404

📊 4. Verifying Stock Summary & Remaining Inventory Valuation...
  Remaining Stock Quantity: 200 units
  Ending Inventory Asset Valuation: PKR 240,000
  ✅ Ending Inventory Asset Valuation Verified 100%!

=========================================================
🎉 INVENTORY FIFO & WEIGHTED AVERAGE COSTING (WAC) SUITE PASSED 100% (4/4)!
=========================================================
