🧪 Testing Sales & Distribution Module Endpoints & Linkages...

✅ Logged in as Admin. Company ID: 78

👤 1. Creating CRM Client / Customer...
  Client Created | ID: 60 | Name: Apex Global Logistics

🏭 2. Creating Warehouse & Product for Stock Allocation...
  Warehouse Created | ID: 28 | Name: Central Distribution Hub
  Product Created | ID: 68 | SKU: SKU-1142
  Stock Purchase Intake Status: 201

📦 3. Creating Sales Order (Sales Orders Submodule)...
  Sales Order Created: {
  id: 13,
  so_number: 'SO-2026-00001',
  status: 'DRAFT',
  total_amount: '15000.00'
}

🎯 4. Confirming Sales Order & Verifying Order Tracking...
  Sales Order Delivered State: DELIVERED
  Order Tracking Details: {
  id: 13,
  so_number: 'SO-2026-00001',
  client_name: 'Apex Global Logistics',
  warehouse_name: 'Central Distribution Hub',
  status: 'DELIVERED',
  items_count: 1
}

🧾 5. Converting Sales Order to Financial Voucher / Invoice...
  Convert to Voucher Status: 200
  Conversion Result Voucher: { voucherId: 185, voucherNumber: 'SV-00001' }

🚚 6. Creating Customer Delivery Note (Deliveries Submodule)...
  Delivery Created: { id: 102, delivery_number: 'DO-00002', status: 'PENDING' }
  Confirming Customer Delivery Note...
  Confirm Delivery Note Code: 200
  Confirmed Delivery Result: { success: true }
  Marking Customer Delivery Note as DELIVERED...
  Mark Delivered Code: 200
  Marked Delivered Result: {
  id: 102,
  company_id: 78,
  client_id: 60,
  sector_id: null,
  warehouse_id: 28,
  delivery_number: 'DO-00002',
  delivery_date: '2026-07-25T19:00:00.000Z',
  status: 'DELIVERED',
  total_amount: '7500.00',
  total_cost: '4500.00',
  journal_entry_id: 649,
  notes: 'Dispatched via Express Courier',
  created_by: 92,
  created_at: '2026-07-25T20:14:01.439Z',
  updated_at: '2026-07-25T20:14:01.661Z',
  ar_account_id: 3740,
  voucher_id: null,
  sales_order_id: null,
  driver_name: null,
  vehicle_number: null,
  courier_name: null,
  tracking_number: null,
  dispatch_time: null,
  arrival_time: null,
  receiver_name: null,
  receiver_signature: null,
  remarks: null
}

📊 7. Checking Sales & Distribution Analytics Dashboard & Top Clients...
  Dashboard Stats: {
  totalClients: 1,
  pendingOrders: 0,
  blockedClients: 0,
  monthRevenue: 22500
}
  Top Clients List: [
  {
    id: 60,
    name: 'Apex Global Logistics',
    current_balance: '7500.00',
    credit_limit: '100000.00',
    order_count: '2',
    total_revenue: '22500.00'
  }
]

===========================================
🎉 SALES & DISTRIBUTION MODULE VERIFIED 100% WORKING!
===========================================
