[dotenv@17.3.1] injecting env (7) from backend\.env
[dotenv@17.3.1] injecting env (0) from .env
[DB] Initializing in development mode...
🧪 Starting Enterprise Payroll Tax Engine Hardening Tests...

1️⃣ Testing Seeder Execution & Statutory Metadata...
[SEED] Pakistan Tax Year 2026-27 & 8 Slabs seeded successfully.
   ✅ Tax Year: PK-2026-27-SALARY | Status: ACTIVE
   ✅ Source Reference: Finance Act 2026, First Schedule, Part I, Division I
   ✅ Source Version: Finance Act 2026
   ✅ Gazette Number: C.No.1(6)Tax Policy/2026

2️⃣ Testing Dynamic Active Tax Year Resolution Hierarchy...
   ✅ Resolved Tax Year ID: 1 | Code: PK-2026-27-SALARY
   ✅ Correctly threw HTTP 422 NO_ACTIVE_TAX_YEAR when no active tax year matches.

3️⃣ Testing High-Precision Math & Statutory Rounding Policy...
   Income: PKR 600,000.01
   Raw Annual Tax: 0.0001
   Rounded Annual Tax: 0
   Monthly Average Tax: 0
   ✅ 600,000.01 Precision & Rounding test passed!

4️⃣ Testing Slab Threshold Boundaries (All 8 Slabs)...
   Income: PKR 600,000 ➔ Tax: PKR 0 (Rate: 0%)
   Income: PKR 1,200,000 ➔ Tax: PKR 6,000 (Rate: 1%)
   Income: PKR 2,200,000 ➔ Tax: PKR 116,000 (Rate: 11%)
   Income: PKR 3,200,000 ➔ Tax: PKR 316,000 (Rate: 20%)
   Income: PKR 4,100,000 ➔ Tax: PKR 541,000 (Rate: 25%)
   Income: PKR 5,600,000 ➔ Tax: PKR 976,000 (Rate: 28.999999999999996%)
   Income: PKR 7,000,000 ➔ Tax: PKR 1,424,000 (Rate: 32%)
   Income: PKR 10,000,000 ➔ Tax: PKR 2,474,000 (Rate: 35%)
   ✅ All 8 Statutory Slab Boundary tests passed!

5️⃣ Testing Payroll Monthly Tax Withholding...
   Annual Salary: PKR 2,400,000
   Projected Annual Tax: PKR 156000
   Tax Already Withheld: PKR 39000
   Remaining Annual Tax: PKR 117000
   Current Period Tax (Monthly): PKR 13000
   ✅ Monthly Withholding calculation passed!

6️⃣ Testing Immutability & Lifecycle Protection Guards...
   ✅ Correctly blocked edit on ACTIVE tax slab with 409 ACTIVE_TAX_YEAR_LOCKED.
   ✅ Correctly blocked delete on ACTIVE tax slab with 409 ACTIVE_TAX_YEAR_LOCKED.

7️⃣ Testing Tax Year Approval & Lifecycle Workflow...
   Created Tax Year: TEST-DRAFT-2027 | Status: DRAFT
   Approved Tax Year: TEST-DRAFT-2027 | Status: APPROVED
   ✅ Lifecycle Approval workflow test passed!

===========================================
🎉 ALL ENTERPRISE TAX ENGINE HARDENING TESTS PASSED!
===========================================
